[foodees.in/index.html]
[backblue.gif]
[fade.gif]
[index.html]
[foodees.in/vendor/bootstrap/dist/css/bootstrap.css]
[foodees.in/vendor/font-awesome/css/font-awesome.css]
[foodees.in/vendor/ng-sticky-element/dist/ng-sticky-element.min.css]
[rawgit.com/dbtek/angular-aside/master/dist/css/angular-aside.css]
[foodees.in/vendor/please-wait/build/please-wait.css]
[foodees.in/css/style.css]
[www.google-analytics.com/analytics.js]
[cdnjs.cloudflare.com/ajax/libs/Chart.js/0.2.0/Chart.min.js]
[foodees.in/vendor/tether/dist/js/tether.js]
[foodees.in/vendor/bootstrap/dist/js/bootstrap.js]
[foodees.in/vendor/jquery/dist/jquery.min.js]
[foodees.in/vendor/angular-messages.js]
[foodees.in/vendor/angular-resource.js]
[foodees.in/vendor/angular-sanitize.js]
[foodees.in/vendor/angular-toastr.tpls.js]
[foodees.in/vendor/angular-animate.js]
[foodees.in/vendor/satellizer.js]
[foodees.in/vendor/moment.min.js]
[foodees.in/vendor/angular-ui-router.js]
[foodees.in/vendor/ng-sticky-element/dist/ng-sticky-element.min.js]
[foodees.in/vendor/angular-moment/angular-moment.js]
[foodees.in/vendor/angular-aside/dist/js/angular-aside.js]
[foodees.in/vendor/please-wait/build/please-wait.js]
[foodees.in/js/directives/aside.js]
[cdnjs.cloudflare.com/ajax/libs/angular-ui-bootstrap/2.3.1/ui-bootstrap-tpls.min.js]
[foodees.in/index.html]
[foodees.in/vendor/bootstrap/dist/css/bootstrap.css]
[foodees.in/app.js]
[foodees.in/vendor/font-awesome/fonts/fontawesome-webfont5b62.eot]
[foodees.in/vendor/font-awesome/fonts/fontawesome-webfontd41d.eot]
[foodees.in/vendor/font-awesome/fonts/fontawesome-webfont5b62.woff2]
[foodees.in/vendor/font-awesome/fonts/fontawesome-webfont5b62.woff]
[foodees.in/vendor/font-awesome/fonts/fontawesome-webfont5b62.ttf]
[foodees.in/vendor/angular.js]
[foodees.in/vendor/font-awesome/css/font-awesome.css]
[foodees.in/vendor/ng-sticky-element/dist/ng-sticky-element.min.css]
[rawgit.com/dbtek/angular-aside/master/dist/css/angular-aside.css]
[foodees.in/vendor/please-wait/build/please-wait.css]
[foodees.in/fonts/Lato-Regular.ttf]
[foodees.in/#/fonts/Lato-Medium.html]
[foodees.in/fonts/Lato-Italic.ttf]
[foodees.in/templates.js]
[foodees.in/fonts/Lato-Bold.ttf]
[foodees.in/#/fonts/Lato-SemiBold.html]
[foodees.in/fonts/Lato-BoldItalic.ttf]
[foodees.in/fonts/Lato-Black.ttf]
[foodees.in/fonts/Lato-BlackItalic.ttf]
[foodees.in/fonts/Lato-Light.ttf]
[foodees.in/fonts/Lato-LightItalic.ttf]
[foodees.in/fonts/Lato-Hairline.ttf]
[foodees.in/fonts/Lato-HairlineItalic.ttf]
[foodees.in/fonts/gloriahallelujah.ttf]
[foodees.in/images/fitbit.png]
[foodees.in/fonts/foodees-icon.eot]
[foodees.in/fonts/foodees-icon.woff]
[foodees.in/fonts/foodees-icond41d.eot]
[foodees.in/fonts/foodees-icon.ttf]
[foodees.in/css/style.css]
[foodees.in/vendor/font-awesome/fonts/fontawesome-webfont5b62.svg]
[foodees.in/#/fonts/Lato-Medium.html]
[foodees.in/#/fonts/Lato-SemiBold.html]
[foodees.in/#/fonts/templates.html]
[foodees.in/images/icons/fitbit-logo.svg]
[foodees.in/fonts/foodees-icon.svg]
[foodees.in/#/fonts/templates.html]
